[trace] 0x55a060e15000: addi     sp, sp, -0x20 = 0x55a060e34fd0
[trace] 0x55a060e15004: sd       ra, 0x18(sp) = 0x0
[trace] 0x55a060e15008: sd       s0, 0x10(sp) = 0x0
[trace] 0x55a060e1500c: addi     s0, zero, 0x0 = 0x0
[trace] 0x55a060e15010: sw       zero, 0xc(sp) = 0x0
[trace] 0x55a060e15014: addi     a0, zero, 0x33 = 0x33
[trace] 0x55a060e15018: lw       a1, 0xc(sp=>0x55a060e34fdc) = 0x0
[trace] 0x55a060e1501c: add      s0, a1, s0 = 0x0
[trace] 0x55a060e15020: addi     a2, a1, 0x1 = 0x1
[trace] 0x55a060e15024: sw       a2, 0xc(sp) = 0x1
[trace] 0x55a060e15028: blt      a1, a0, -0x10 -> 0x55a060e15018
[trace] 0x55a060e15018: lw       a1, 0xc(sp=>0x55a060e34fdc) = 0x1
[trace] 0x55a060e1501c: add      s0, a1, s0 = 0x1
[trace] 0x55a060e15020: addi     a2, a1, 0x1 = 0x2
[trace] 0x55a060e15024: sw       a2, 0xc(sp) = 0x2
[trace] 0x55a060e15028: blt      a1, a0, -0x10 -> 0x55a060e15018
[trace] 0x55a060e15018: lw       a1, 0xc(sp=>0x55a060e34fdc) = 0x2
[trace] 0x55a060e1501c: add      s0, a1, s0 = 0x3
[trace] 0x55a060e15020: addi     a2, a1, 0x1 = 0x3
[trace] 0x55a060e15024: sw       a2, 0xc(sp) = 0x3
[trace] 0x55a060e15028: blt      a1, a0, -0x10 -> 0x55a060e15018
[trace] 0x55a060e15018: lw       a1, 0xc(sp=>0x55a060e34fdc) = 0x3
[trace] 0x55a060e1501c: add      s0, a1, s0 = 0x6
[trace] 0x55a060e15020: addi     a2, a1, 0x1 = 0x4
[trace] 0x55a060e15024: sw       a2, 0xc(sp) = 0x4
[trace] 0x55a060e15028: blt      a1, a0, -0x10 -> 0x55a060e15018
[trace] 0x55a060e15018: lw       a1, 0xc(sp=>0x55a060e34fdc) = 0x4
[trace] 0x55a060e1501c: add      s0, a1, s0 = 0xa
[trace] 0x55a060e15020: addi     a2, a1, 0x1 = 0x5
[trace] 0x55a060e15024: sw       a2, 0xc(sp) = 0x5
[trace] 0x55a060e15028: blt      a1, a0, -0x10 -> 0x55a060e15018
[trace] 0x55a060e15018: lw       a1, 0xc(sp=>0x55a060e34fdc) = 0x5
[trace] 0x55a060e1501c: add      s0, a1, s0 = 0xf
[trace] 0x55a060e15020: addi     a2, a1, 0x1 = 0x6
[trace] 0x55a060e15024: sw       a2, 0xc(sp) = 0x6
[trace] 0x55a060e15028: blt      a1, a0, -0x10 -> 0x55a060e15018
[trace] 0x55a060e15018: lw       a1, 0xc(sp=>0x55a060e34fdc) = 0x6
[trace] 0x55a060e1501c: add      s0, a1, s0 = 0x15
[trace] 0x55a060e15020: addi     a2, a1, 0x1 = 0x7
[trace] 0x55a060e15024: sw       a2, 0xc(sp) = 0x7
[trace] 0x55a060e15028: blt      a1, a0, -0x10 -> 0x55a060e15018
[trace] 0x55a060e15018: lw       a1, 0xc(sp=>0x55a060e34fdc) = 0x7
[trace] 0x55a060e1501c: add      s0, a1, s0 = 0x1c
[trace] 0x55a060e15020: addi     a2, a1, 0x1 = 0x8
[trace] 0x55a060e15024: sw       a2, 0xc(sp) = 0x8
[trace] 0x55a060e15028: blt      a1, a0, -0x10 -> 0x55a060e15018
[trace] 0x55a060e15018: lw       a1, 0xc(sp=>0x55a060e34fdc) = 0x8
[trace] 0x55a060e1501c: add      s0, a1, s0 = 0x24
[trace] 0x55a060e15020: addi     a2, a1, 0x1 = 0x9
[trace] 0x55a060e15024: sw       a2, 0xc(sp) = 0x9
[trace] 0x55a060e15028: blt      a1, a0, -0x10 -> 0x55a060e15018
[trace] 0x55a060e15018: lw       a1, 0xc(sp=>0x55a060e34fdc) = 0x9
[trace] 0x55a060e1501c: add      s0, a1, s0 = 0x2d
[trace] 0x55a060e15020: addi     a2, a1, 0x1 = 0xa
[trace] 0x55a060e15024: sw       a2, 0xc(sp) = 0xa
[trace] 0x55a060e15028: blt      a1, a0, -0x10 -> 0x55a060e15018
[trace] 0x55a060e15018: lw       a1, 0xc(sp=>0x55a060e34fdc) = 0xa
[trace] 0x55a060e1501c: add      s0, a1, s0 = 0x37
[trace] 0x55a060e15020: addi     a2, a1, 0x1 = 0xb
[trace] 0x55a060e15024: sw       a2, 0xc(sp) = 0xb
[trace] 0x55a060e15028: blt      a1, a0, -0x10 -> 0x55a060e15018
[trace] 0x55a060e15018: lw       a1, 0xc(sp=>0x55a060e34fdc) = 0xb
[trace] 0x55a060e1501c: add      s0, a1, s0 = 0x42
[trace] 0x55a060e15020: addi     a2, a1, 0x1 = 0xc
[trace] 0x55a060e15024: sw       a2, 0xc(sp) = 0xc
[trace] 0x55a060e15028: blt      a1, a0, -0x10 -> 0x55a060e15018
[trace] 0x55a060e15018: lw       a1, 0xc(sp=>0x55a060e34fdc) = 0xc
[trace] 0x55a060e1501c: add      s0, a1, s0 = 0x4e
[trace] 0x55a060e15020: addi     a2, a1, 0x1 = 0xd
[trace] 0x55a060e15024: sw       a2, 0xc(sp) = 0xd
[trace] 0x55a060e15028: blt      a1, a0, -0x10 -> 0x55a060e15018
[trace] 0x55a060e15018: lw       a1, 0xc(sp=>0x55a060e34fdc) = 0xd
[trace] 0x55a060e1501c: add      s0, a1, s0 = 0x5b
[trace] 0x55a060e15020: addi     a2, a1, 0x1 = 0xe
[trace] 0x55a060e15024: sw       a2, 0xc(sp) = 0xe
[trace] 0x55a060e15028: blt      a1, a0, -0x10 -> 0x55a060e15018
[trace] 0x55a060e15018: lw       a1, 0xc(sp=>0x55a060e34fdc) = 0xe
[trace] 0x55a060e1501c: add      s0, a1, s0 = 0x69
[trace] 0x55a060e15020: addi     a2, a1, 0x1 = 0xf
[trace] 0x55a060e15024: sw       a2, 0xc(sp) = 0xf
[trace] 0x55a060e15028: blt      a1, a0, -0x10 -> 0x55a060e15018
[trace] 0x55a060e15018: lw       a1, 0xc(sp=>0x55a060e34fdc) = 0xf
[trace] 0x55a060e1501c: add      s0, a1, s0 = 0x78
[trace] 0x55a060e15020: addi     a2, a1, 0x1 = 0x10
[trace] 0x55a060e15024: sw       a2, 0xc(sp) = 0x10
[trace] 0x55a060e15028: blt      a1, a0, -0x10 -> 0x55a060e15018
[trace] 0x55a060e15018: lw       a1, 0xc(sp=>0x55a060e34fdc) = 0x10
[trace] 0x55a060e1501c: add      s0, a1, s0 = 0x88
[trace] 0x55a060e15020: addi     a2, a1, 0x1 = 0x11
[trace] 0x55a060e15024: sw       a2, 0xc(sp) = 0x11
[trace] 0x55a060e15028: blt      a1, a0, -0x10 -> 0x55a060e15018
[trace] 0x55a060e15018: lw       a1, 0xc(sp=>0x55a060e34fdc) = 0x11
[trace] 0x55a060e1501c: add      s0, a1, s0 = 0x99
[trace] 0x55a060e15020: addi     a2, a1, 0x1 = 0x12
[trace] 0x55a060e15024: sw       a2, 0xc(sp) = 0x12
[trace] 0x55a060e15028: blt      a1, a0, -0x10 -> 0x55a060e15018
[trace] 0x55a060e15018: lw       a1, 0xc(sp=>0x55a060e34fdc) = 0x12
[trace] 0x55a060e1501c: add      s0, a1, s0 = 0xab
[trace] 0x55a060e15020: addi     a2, a1, 0x1 = 0x13
[trace] 0x55a060e15024: sw       a2, 0xc(sp) = 0x13
[trace] 0x55a060e15028: blt      a1, a0, -0x10 -> 0x55a060e15018
[trace] 0x55a060e15018: lw       a1, 0xc(sp=>0x55a060e34fdc) = 0x13
[trace] 0x55a060e1501c: add      s0, a1, s0 = 0xbe
[trace] 0x55a060e15020: addi     a2, a1, 0x1 = 0x14
[trace] 0x55a060e15024: sw       a2, 0xc(sp) = 0x14
[trace] 0x55a060e15028: blt      a1, a0, -0x10 -> 0x55a060e15018
[trace] 0x55a060e15018: lw       a1, 0xc(sp=>0x55a060e34fdc) = 0x14
[trace] 0x55a060e1501c: add      s0, a1, s0 = 0xd2
[trace] 0x55a060e15020: addi     a2, a1, 0x1 = 0x15
[trace] 0x55a060e15024: sw       a2, 0xc(sp) = 0x15
[trace] 0x55a060e15028: blt      a1, a0, -0x10 -> 0x55a060e15018
[trace] 0x55a060e15018: lw       a1, 0xc(sp=>0x55a060e34fdc) = 0x15
[trace] 0x55a060e1501c: add      s0, a1, s0 = 0xe7
[trace] 0x55a060e15020: addi     a2, a1, 0x1 = 0x16
[trace] 0x55a060e15024: sw       a2, 0xc(sp) = 0x16
[trace] 0x55a060e15028: blt      a1, a0, -0x10 -> 0x55a060e15018
[trace] 0x55a060e15018: lw       a1, 0xc(sp=>0x55a060e34fdc) = 0x16
[trace] 0x55a060e1501c: add      s0, a1, s0 = 0xfd
[trace] 0x55a060e15020: addi     a2, a1, 0x1 = 0x17
[trace] 0x55a060e15024: sw       a2, 0xc(sp) = 0x17
[trace] 0x55a060e15028: blt      a1, a0, -0x10 -> 0x55a060e15018
[trace] 0x55a060e15018: lw       a1, 0xc(sp=>0x55a060e34fdc) = 0x17
[trace] 0x55a060e1501c: add      s0, a1, s0 = 0x114
[trace] 0x55a060e15020: addi     a2, a1, 0x1 = 0x18
[trace] 0x55a060e15024: sw       a2, 0xc(sp) = 0x18
[trace] 0x55a060e15028: blt      a1, a0, -0x10 -> 0x55a060e15018
[trace] 0x55a060e15018: lw       a1, 0xc(sp=>0x55a060e34fdc) = 0x18
[trace] 0x55a060e1501c: add      s0, a1, s0 = 0x12c
[trace] 0x55a060e15020: addi     a2, a1, 0x1 = 0x19
[trace] 0x55a060e15024: sw       a2, 0xc(sp) = 0x19
[trace] 0x55a060e15028: blt      a1, a0, -0x10 -> 0x55a060e15018
[trace] 0x55a060e15018: lw       a1, 0xc(sp=>0x55a060e34fdc) = 0x19
[trace] 0x55a060e1501c: add      s0, a1, s0 = 0x145
[trace] 0x55a060e15020: addi     a2, a1, 0x1 = 0x1a
[trace] 0x55a060e15024: sw       a2, 0xc(sp) = 0x1a
[trace] 0x55a060e15028: blt      a1, a0, -0x10 -> 0x55a060e15018
[trace] 0x55a060e15018: lw       a1, 0xc(sp=>0x55a060e34fdc) = 0x1a
[trace] 0x55a060e1501c: add      s0, a1, s0 = 0x15f
[trace] 0x55a060e15020: addi     a2, a1, 0x1 = 0x1b
[trace] 0x55a060e15024: sw       a2, 0xc(sp) = 0x1b
[trace] 0x55a060e15028: blt      a1, a0, -0x10 -> 0x55a060e15018
[trace] 0x55a060e15018: lw       a1, 0xc(sp=>0x55a060e34fdc) = 0x1b
[trace] 0x55a060e1501c: add      s0, a1, s0 = 0x17a
[trace] 0x55a060e15020: addi     a2, a1, 0x1 = 0x1c
[trace] 0x55a060e15024: sw       a2, 0xc(sp) = 0x1c
[trace] 0x55a060e15028: blt      a1, a0, -0x10 -> 0x55a060e15018
[trace] 0x55a060e15018: lw       a1, 0xc(sp=>0x55a060e34fdc) = 0x1c
[trace] 0x55a060e1501c: add      s0, a1, s0 = 0x196
[trace] 0x55a060e15020: addi     a2, a1, 0x1 = 0x1d
[trace] 0x55a060e15024: sw       a2, 0xc(sp) = 0x1d
[trace] 0x55a060e15028: blt      a1, a0, -0x10 -> 0x55a060e15018
[trace] 0x55a060e15018: lw       a1, 0xc(sp=>0x55a060e34fdc) = 0x1d
[trace] 0x55a060e1501c: add      s0, a1, s0 = 0x1b3
[trace] 0x55a060e15020: addi     a2, a1, 0x1 = 0x1e
[trace] 0x55a060e15024: sw       a2, 0xc(sp) = 0x1e
[trace] 0x55a060e15028: blt      a1, a0, -0x10 -> 0x55a060e15018
[trace] 0x55a060e15018: lw       a1, 0xc(sp=>0x55a060e34fdc) = 0x1e
[trace] 0x55a060e1501c: add      s0, a1, s0 = 0x1d1
[trace] 0x55a060e15020: addi     a2, a1, 0x1 = 0x1f
[trace] 0x55a060e15024: sw       a2, 0xc(sp) = 0x1f
[trace] 0x55a060e15028: blt      a1, a0, -0x10 -> 0x55a060e15018
[trace] 0x55a060e15018: lw       a1, 0xc(sp=>0x55a060e34fdc) = 0x1f
[trace] 0x55a060e1501c: add      s0, a1, s0 = 0x1f0
[trace] 0x55a060e15020: addi     a2, a1, 0x1 = 0x20
[trace] 0x55a060e15024: sw       a2, 0xc(sp) = 0x20
[trace] 0x55a060e15028: blt      a1, a0, -0x10 -> 0x55a060e15018
[trace] 0x55a060e15018: lw       a1, 0xc(sp=>0x55a060e34fdc) = 0x20
[trace] 0x55a060e1501c: add      s0, a1, s0 = 0x210
[trace] 0x55a060e15020: addi     a2, a1, 0x1 = 0x21
[trace] 0x55a060e15024: sw       a2, 0xc(sp) = 0x21
[trace] 0x55a060e15028: blt      a1, a0, -0x10 -> 0x55a060e15018
[trace] 0x55a060e15018: lw       a1, 0xc(sp=>0x55a060e34fdc) = 0x21
[trace] 0x55a060e1501c: add      s0, a1, s0 = 0x231
[trace] 0x55a060e15020: addi     a2, a1, 0x1 = 0x22
[trace] 0x55a060e15024: sw       a2, 0xc(sp) = 0x22
[trace] 0x55a060e15028: blt      a1, a0, -0x10 -> 0x55a060e15018
[trace] 0x55a060e15018: lw       a1, 0xc(sp=>0x55a060e34fdc) = 0x22
[trace] 0x55a060e1501c: add      s0, a1, s0 = 0x253
[trace] 0x55a060e15020: addi     a2, a1, 0x1 = 0x23
[trace] 0x55a060e15024: sw       a2, 0xc(sp) = 0x23
[trace] 0x55a060e15028: blt      a1, a0, -0x10 -> 0x55a060e15018
[trace] 0x55a060e15018: lw       a1, 0xc(sp=>0x55a060e34fdc) = 0x23
[trace] 0x55a060e1501c: add      s0, a1, s0 = 0x276
[trace] 0x55a060e15020: addi     a2, a1, 0x1 = 0x24
[trace] 0x55a060e15024: sw       a2, 0xc(sp) = 0x24
[trace] 0x55a060e15028: blt      a1, a0, -0x10 -> 0x55a060e15018
[trace] 0x55a060e15018: lw       a1, 0xc(sp=>0x55a060e34fdc) = 0x24
[trace] 0x55a060e1501c: add      s0, a1, s0 = 0x29a
[trace] 0x55a060e15020: addi     a2, a1, 0x1 = 0x25
[trace] 0x55a060e15024: sw       a2, 0xc(sp) = 0x25
[trace] 0x55a060e15028: blt      a1, a0, -0x10 -> 0x55a060e15018
[trace] 0x55a060e15018: lw       a1, 0xc(sp=>0x55a060e34fdc) = 0x25
[trace] 0x55a060e1501c: add      s0, a1, s0 = 0x2bf
[trace] 0x55a060e15020: addi     a2, a1, 0x1 = 0x26
[trace] 0x55a060e15024: sw       a2, 0xc(sp) = 0x26
[trace] 0x55a060e15028: blt      a1, a0, -0x10 -> 0x55a060e15018
[trace] 0x55a060e15018: lw       a1, 0xc(sp=>0x55a060e34fdc) = 0x26
[trace] 0x55a060e1501c: add      s0, a1, s0 = 0x2e5
[trace] 0x55a060e15020: addi     a2, a1, 0x1 = 0x27
[trace] 0x55a060e15024: sw       a2, 0xc(sp) = 0x27
[trace] 0x55a060e15028: blt      a1, a0, -0x10 -> 0x55a060e15018
[trace] 0x55a060e15018: lw       a1, 0xc(sp=>0x55a060e34fdc) = 0x27
[trace] 0x55a060e1501c: add      s0, a1, s0 = 0x30c
[trace] 0x55a060e15020: addi     a2, a1, 0x1 = 0x28
[trace] 0x55a060e15024: sw       a2, 0xc(sp) = 0x28
[trace] 0x55a060e15028: blt      a1, a0, -0x10 -> 0x55a060e15018
[trace] 0x55a060e15018: lw       a1, 0xc(sp=>0x55a060e34fdc) = 0x28
[trace] 0x55a060e1501c: add      s0, a1, s0 = 0x334
[trace] 0x55a060e15020: addi     a2, a1, 0x1 = 0x29
[trace] 0x55a060e15024: sw       a2, 0xc(sp) = 0x29
[trace] 0x55a060e15028: blt      a1, a0, -0x10 -> 0x55a060e15018
[trace] 0x55a060e15018: lw       a1, 0xc(sp=>0x55a060e34fdc) = 0x29
[trace] 0x55a060e1501c: add      s0, a1, s0 = 0x35d
[trace] 0x55a060e15020: addi     a2, a1, 0x1 = 0x2a
[trace] 0x55a060e15024: sw       a2, 0xc(sp) = 0x2a
[trace] 0x55a060e15028: blt      a1, a0, -0x10 -> 0x55a060e15018
[trace] 0x55a060e15018: lw       a1, 0xc(sp=>0x55a060e34fdc) = 0x2a
[trace] 0x55a060e1501c: add      s0, a1, s0 = 0x387
[trace] 0x55a060e15020: addi     a2, a1, 0x1 = 0x2b
[trace] 0x55a060e15024: sw       a2, 0xc(sp) = 0x2b
[trace] 0x55a060e15028: blt      a1, a0, -0x10 -> 0x55a060e15018
[trace] 0x55a060e15018: lw       a1, 0xc(sp=>0x55a060e34fdc) = 0x2b
[trace] 0x55a060e1501c: add      s0, a1, s0 = 0x3b2
[trace] 0x55a060e15020: addi     a2, a1, 0x1 = 0x2c
[trace] 0x55a060e15024: sw       a2, 0xc(sp) = 0x2c
[trace] 0x55a060e15028: blt      a1, a0, -0x10 -> 0x55a060e15018
[trace] 0x55a060e15018: lw       a1, 0xc(sp=>0x55a060e34fdc) = 0x2c
[trace] 0x55a060e1501c: add      s0, a1, s0 = 0x3de
[trace] 0x55a060e15020: addi     a2, a1, 0x1 = 0x2d
[trace] 0x55a060e15024: sw       a2, 0xc(sp) = 0x2d
[trace] 0x55a060e15028: blt      a1, a0, -0x10 -> 0x55a060e15018
[trace] 0x55a060e15018: lw       a1, 0xc(sp=>0x55a060e34fdc) = 0x2d
[trace] 0x55a060e1501c: add      s0, a1, s0 = 0x40b
[trace] 0x55a060e15020: addi     a2, a1, 0x1 = 0x2e
[trace] 0x55a060e15024: sw       a2, 0xc(sp) = 0x2e
[trace] 0x55a060e15028: blt      a1, a0, -0x10 -> 0x55a060e15018
[trace] 0x55a060e15018: lw       a1, 0xc(sp=>0x55a060e34fdc) = 0x2e
[trace] 0x55a060e1501c: add      s0, a1, s0 = 0x439
[trace] 0x55a060e15020: addi     a2, a1, 0x1 = 0x2f
[trace] 0x55a060e15024: sw       a2, 0xc(sp) = 0x2f
[trace] 0x55a060e15028: blt      a1, a0, -0x10 -> 0x55a060e15018
[trace] 0x55a060e15018: lw       a1, 0xc(sp=>0x55a060e34fdc) = 0x2f
[trace] 0x55a060e1501c: add      s0, a1, s0 = 0x468
[trace] 0x55a060e15020: addi     a2, a1, 0x1 = 0x30
[trace] 0x55a060e15024: sw       a2, 0xc(sp) = 0x30
[trace] 0x55a060e15028: blt      a1, a0, -0x10 -> 0x55a060e15018
[trace] 0x55a060e15018: lw       a1, 0xc(sp=>0x55a060e34fdc) = 0x30
[trace] 0x55a060e1501c: add      s0, a1, s0 = 0x498
[trace] 0x55a060e15020: addi     a2, a1, 0x1 = 0x31
[trace] 0x55a060e15024: sw       a2, 0xc(sp) = 0x31
[trace] 0x55a060e15028: blt      a1, a0, -0x10 -> 0x55a060e15018
[trace] 0x55a060e15018: lw       a1, 0xc(sp=>0x55a060e34fdc) = 0x31
[trace] 0x55a060e1501c: add      s0, a1, s0 = 0x4c9
[trace] 0x55a060e15020: addi     a2, a1, 0x1 = 0x32
[trace] 0x55a060e15024: sw       a2, 0xc(sp) = 0x32
[trace] 0x55a060e15028: blt      a1, a0, -0x10 -> 0x55a060e15018
[trace] 0x55a060e15018: lw       a1, 0xc(sp=>0x55a060e34fdc) = 0x32
[trace] 0x55a060e1501c: add      s0, a1, s0 = 0x4fb
[trace] 0x55a060e15020: addi     a2, a1, 0x1 = 0x33
[trace] 0x55a060e15024: sw       a2, 0xc(sp) = 0x33
[trace] 0x55a060e15028: blt      a1, a0, -0x10 -> 0x55a060e15018
[trace] 0x55a060e15018: lw       a1, 0xc(sp=>0x55a060e34fdc) = 0x33
[trace] 0x55a060e1501c: add      s0, a1, s0 = 0x52e
[trace] 0x55a060e15020: addi     a2, a1, 0x1 = 0x34
[trace] 0x55a060e15024: sw       a2, 0xc(sp) = 0x34
[trace] 0x55a060e15028: blt      a1, a0, -0x10 (not taken)
[trace] 0x55a060e1502c: addiw    s0, s0, 0xb = 0x539
[trace] 0x55a060e15030: addi     a0, s0, 0x0 = 0x539
[trace] 0x55a060e15034: jal      ra, 0x18 -> 0x55a060e1504c
[trace] 0x55a060e1504c:   lui      a1, 0x2 = 0x2000
[trace] 0x55a060e15050:   addiw    a7, a1, 0x710 = 0x2710
[trace] 0x55a060e15054:   addi     a1, zero, 0x0 = 0x0
[trace] 0x55a060e15058:   ecall    0x2710
