             VMA              LMA     Size Align Out     In      Symbol
               0                0        0     1 LINK_BASE = 0x8000000
               0                0  8000000     1 . = LINK_BASE
         8000000                0        0     1 __base = .
         8000000          8000000       30    16 .text
         8000000          8000000        0     1         . = LINK_BASE
         8000000          8000000       30     4         hello.o:(.text.start)
         8000000          8000000        0     1                 $x
         8000000          8000000       30     1                 _start
         8000010          8000010        0     1                 .L0 
         8000030          8000030        0     4         hello.o:(.text)
         8000030          8000030        0     1 .init
         8000030          8000030        0     1         __init_array_start = .
         8000030          8000030        0     1         __init_array_end = .
         8000030          8000030        0     1 .relocs
         8000030          8000030        0     1         . = . + SIZEOF(.bss)
         8000030          8000030        0     1         __relocs_start = .
               0                0       18     8 .rela.text
               0                0       18     8         hello.o:(.rela.text.start)
               0                0       71     1 .comment
               0                0       71     1         <internal>:(.comment)
               0                0       2a     1 .riscv.attributes
               0                0       2a     1         <internal>:(.riscv.attributes)
               0                0      150     8 .symtab
               0                0      150     8         <internal>:(.symtab)
               0                0       55     1 .shstrtab
               0                0       55     1         <internal>:(.shstrtab)
               0                0       62     1 .strtab
               0                0       62     1         <internal>:(.strtab)
